
00: FAT: Unable to read bootsector.
01: FAT: no MBR detected.
02: FAT: Unable to detect first physical partition.
03: FAT: Unable to read from first partition.
04: FAT: Unable to read the FAT table.
05: FAT: No FAT32 filesystem detected.
06: FAT: Unable to read rootdir sector.
07: FAT: Kernel file not found.
10: MMC: Initialization failed.
11: MMC: Time out.
12: MMC: Read error.
20: NAND: Uncorrectable read error.
21: NAND: Read error.
30: UBI: Partition is not a UBI drive.
31: UBI: Unable to locate kernel partition.
